TAP version 13
# Subtest: manual business confirmation, immutable source copy, technical truth and streaming Word/ZIP manifest
ok 1 - manual business confirmation, immutable source copy, technical truth and streaming Word/ZIP manifest
  ---
  duration_ms: 3344.857726
  type: 'test'
  ...
# Subtest: snapshot narrative images and same-name attachments survive archive, unlink and physical source deletion; incomplete copies never publish
ok 2 - snapshot narrative images and same-name attachments survive archive, unlink and physical source deletion; incomplete copies never publish
  ---
  duration_ms: 4991.296491
  type: 'test'
  ...
# Subtest: snapshot history works for empty projects and asset-only snapshots
ok 3 - snapshot history works for empty projects and asset-only snapshots
  ---
  duration_ms: 2116.730745
  type: 'test'
  ...
# Subtest: business re-extraction preserves human revisions and a completed extraction job is idempotent
ok 4 - business re-extraction preserves human revisions and a completed extraction job is idempotent
  ---
  duration_ms: 4246.870914
  type: 'test'
  ...
# Subtest: migration baseline, repeat initialization, old data, drift and failure gates on real PostgreSQL
    # Subtest: empty database initializes; repeated initialization preserves password and edited docs
    ok 1 - empty database initializes; repeated initialization preserves password and edited docs
      ---
      duration_ms: 5520.9842
      type: 'test'
      ...
    # Subtest: db-push-style existing database refuses deploy until drift checked and baseline resolved
    ok 2 - db-push-style existing database refuses deploy until drift checked and baseline resolved
      ---
      duration_ms: 12532.526012
      type: 'test'
      ...
    # Subtest: schema drift is refused
    ok 3 - schema drift is refused
      ---
      duration_ms: 1669.780115
      type: 'test'
      ...
    # Subtest: failed migration exits initialization before seed and leaves no committed artifact
    ok 4 - failed migration exits initialization before seed and leaves no committed artifact
      ---
      duration_ms: 1537.093661
      type: 'test'
      ...
    1..4
ok 5 - migration baseline, repeat initialization, old data, drift and failure gates on real PostgreSQL
  ---
  duration_ms: 21341.664919
  type: 'test'
  ...
# Subtest: originals, immutable image parses, authorized export and failure preservation on PostgreSQL
ok 6 - originals, immutable image parses, authorized export and failure preservation on PostgreSQL
  ---
  duration_ms: 9346.8115
  type: 'test'
  ...
# Subtest: knowledge reference reads never mutate the caller processing scope
ok 7 - knowledge reference reads never mutate the caller processing scope
  ---
  duration_ms: 2060.666649
  type: 'test'
  ...
# Subtest: PostgreSQL knowledge search covers 0/100/101/235, Chinese, file names and page fallback
ok 8 - PostgreSQL knowledge search covers 0/100/101/235, Chinese, file names and page fallback
  ---
  duration_ms: 2345.978178
  type: 'test'
  ...
# Subtest: ledger relations, decimal precision, validity boundaries, optimistic writes and source protection
ok 9 - ledger relations, decimal precision, validity boundaries, optimistic writes and source protection
  ---
  duration_ms: 2568.748089
  type: 'test'
  ...
# Subtest: legacy migration requires explicit identity mapping and is repeatable without deleting originals
ok 10 - legacy migration requires explicit identity mapping and is repeatable without deleting originals
  ---
  duration_ms: 2659.848731
  type: 'test'
  ...
# Subtest: project plus shared processing requires both policies and refreshes revoked modules
ok 11 - project plus shared processing requires both policies and refreshes revoked modules
  ---
  duration_ms: 2419.794521
  type: 'test'
  ...
1..11
# tests 15
# suites 0
# pass 15
# fail 0
# cancelled 0
# skipped 0
# todo 0
# duration_ms 31532.591654
